// Jest Snapshot v1, https://goo.gl/fbAQLP

exports[`<Frame is running Renders correct 1`] = `ShallowWrapper {}`;
