// Jest Snapshot v1, https://goo.gl/fbAQLP

exports[`<Footer /> is running Renders correctly 1`] = `ShallowWrapper {}`;
