// Jest Snapshot v1, https://goo.gl/fbAQLP

exports[`<Header /> is running Renders correct 1`] = `ShallowWrapper {}`;
